
--- ERROR at 2026-03-07 22:05:27.399811 ---
Traceback (most recent call last):
  File "D:\SkinAi\backend\app\api\routes\scan.py", line 36, in predict_disease
    prediction = ml_predict(image_bytes)
  File "D:\SkinAi\backend\app\services\ml_model.py", line 198, in predict
    model = _get_model()
  File "D:\SkinAi\backend\app\services\ml_model.py", line 73, in _get_model
    _model = tf.keras.models.load_model(
        str(_H5_PATH),
        safe_mode=False,
        custom_objects=custom_objects
    )
  File "D:\SkinAi\backend\venv\Lib\site-packages\keras\src\saving\saving_api.py", line 196, in load_model
    return legacy_h5_format.load_model_from_hdf5(
           ~~~~~~~~~~~~~~~~~~~~~~~~~~~~~~~~~~~~~^
        filepath,
        ^^^^^^^^^
    ...<2 lines>...
        safe_mode=safe_mode,
        ^^^^^^^^^^^^^^^^^^^^
    )
    ^
  File "D:\SkinAi\backend\venv\Lib\site-packages\keras\src\legacy\saving\legacy_h5_format.py", line 137, in load_model_from_hdf5
    model = saving_utils.model_from_config(
        model_config, custom_objects=custom_objects
    )
  File "D:\SkinAi\backend\venv\Lib\site-packages\keras\src\legacy\saving\saving_utils.py", line 83, in model_from_config
    return serialization.deserialize_keras_object(
           ~~~~~~~~~~~~~~~~~~~~~~~~~~~~~~~~~~~~~~^
        config,
        ^^^^^^^
    ...<2 lines>...
        printable_module_name="layer",
        ^^^^^^^^^^^^^^^^^^^^^^^^^^^^^^
    )
    ^
  File "D:\SkinAi\backend\venv\Lib\site-packages\keras\src\legacy\saving\serialization.py", line 488, in deserialize_keras_object
    deserialized_obj = cls.from_config(
        cls_config,
    ...<3 lines>...
        },
    )
  File "D:\SkinAi\backend\venv\Lib\site-packages\keras\src\models\model.py", line 823, in from_config
    return functional_from_config(
        cls, config, custom_objects=custom_objects
    )
  File "D:\SkinAi\backend\venv\Lib\site-packages\keras\src\models\functional.py", line 580, in functional_from_config
    process_node(layer, node_data)
    ~~~~~~~~~~~~^^^^^^^^^^^^^^^^^^
  File "D:\SkinAi\backend\venv\Lib\site-packages\keras\src\models\functional.py", line 510, in process_node
    layer(*args, **kwargs)
    ~~~~~^^^^^^^^^^^^^^^^^
  File "D:\SkinAi\backend\venv\Lib\site-packages\keras\src\utils\traceback_utils.py", line 122, in error_handler
    raise e.with_traceback(filtered_tb) from None
  File "D:\SkinAi\backend\venv\Lib\site-packages\keras\src\layers\core\lambda_layer.py", line 95, in compute_output_shape
    raise NotImplementedError(
    ...<3 lines>...
    )
NotImplementedError: Exception encountered when calling Lambda.call().

[1mWe could not automatically infer the shape of the Lambda's output. Please specify the `output_shape` argument for this Lambda layer.[0m

Arguments received by Lambda.call():
  • args=('<KerasTensor shape=(None, 224, 224, 3), dtype=float32, sparse=False, ragged=False, name=keras_tensor_504>',)
  • kwargs={'mask': 'None'}
----------------------------
